// Jest Snapshot v1, https://goo.gl/fbAQLP

exports[`WindowSize snapshots should match snapshot 1`] = `
<div
  className="sc-bczRLJ hEqbSV WindowSize-wrapper"
  data-testid="WindowSize-wrapper"
>
  <div
    className="sc-gsnTZi cOFMKY"
  >
    <div
      className="sc-dkzDqf chgQAY"
    >
      ∞
    </div>
    <div
      className="sc-hKMtZM hJgazB"
    >
      x
    </div>
    <div
      className="sc-eCYdqJ gierlq"
    >
      ∞
    </div>
    <div
      className="sc-jSMfEi kOeYUx"
    >
      px
    </div>
  </div>
</div>
`;
